../Core/Src/main.c:94:6:bitmask_set	16	static
../Core/Src/main.c:101:6:bitmask_clear	16	static
../Core/Src/main.c:108:9:bitmask_check	16	static
../Core/Src/main.c:119:6:xor	24	static
../Core/Src/main.c:133:6:toStr	16	static
../Core/Src/main.c:150:6:division	16	static
../Core/Src/main.c:182:7:str_rev	32	static
../Core/Src/main.c:195:6:encode_crc	24	static
../Core/Src/main.c:219:6:sendData	8	static
../Core/Src/main.c:233:5:main	8	static
../Core/Src/main.c:307:6:SystemClock_Config	160	static
../Core/Src/main.c:354:13:MX_TIM16_Init	8	static
../Core/Src/main.c:387:13:MX_USART1_UART_Init	8	static
../Core/Src/main.c:422:13:MX_USART2_UART_Init	8	static
../Core/Src/main.c:457:13:MX_GPIO_Init	40	static
../Core/Src/main.c:495:6:HAL_GPIO_EXTI_Callback	16	static
../Core/Src/main.c:519:6:HAL_TIM_PeriodElapsedCallback	16	static
../Core/Src/main.c:545:6:Error_Handler	4	static,ignoring_inline_asm
