../Core/Src/main.c:72:6:sendData	16	static
../Core/Src/main.c:83:5:main	8	static
../Core/Src/main.c:158:6:SystemClock_Config	160	static
../Core/Src/main.c:205:13:MX_TIM16_Init	8	static
../Core/Src/main.c:237:13:MX_USART1_UART_Init	8	static
../Core/Src/main.c:272:13:MX_USART2_UART_Init	8	static
../Core/Src/main.c:307:13:MX_GPIO_Init	40	static
../Core/Src/main.c:345:6:HAL_GPIO_EXTI_Callback	16	static
../Core/Src/main.c:370:6:HAL_TIM_PeriodElapsedCallback	16	static
../Core/Src/main.c:396:6:Error_Handler	4	static,ignoring_inline_asm
